
Array
(
    [0] => Content-Type: text/plain; charset=utf-8
    [1] => Location: {url}
)
shutdown
